// Jest Snapshot v1, https://goo.gl/fbAQLP

exports[`should address as plural for mulitple expenses 1`] = `
<div>
  <h1>
    Viewing 
    2
     expense
    s
     totalling 
    $0.94
  </h1>
</div>
`;

exports[`should address as singular for single expense 1`] = `
<div>
  <h1>
    Viewing 
    1
     expense
     totalling 
    $0.94
  </h1>
</div>
`;
